stm32f1xx_it.c:55:13:HAL_UART_RxIdleCallback	16	static
stm32f1xx_it.c:80:6:NMI_Handler	4	static
stm32f1xx_it.c:93:6:HardFault_Handler	4	static
stm32f1xx_it.c:108:6:MemManage_Handler	4	static
stm32f1xx_it.c:123:6:BusFault_Handler	4	static
stm32f1xx_it.c:138:6:UsageFault_Handler	4	static
stm32f1xx_it.c:153:6:SVC_Handler	4	static
stm32f1xx_it.c:166:6:DebugMon_Handler	4	static
stm32f1xx_it.c:179:6:PendSV_Handler	4	static
stm32f1xx_it.c:192:6:SysTick_Handler	8	static
stm32f1xx_it.c:213:6:DMA1_Channel1_IRQHandler	8	static
stm32f1xx_it.c:227:6:DMA1_Channel6_IRQHandler	8	static
stm32f1xx_it.c:241:6:USART2_IRQHandler	16	static
